
> edyfra@0.1.0 build
> next build --turbopack

node.exe :  ΓÜá Warning: Next.js inferred your workspace root, but it may not be correct.
At line:1 char:1
+ & "C:\Program Files\nodejs/node.exe" "C:\Program Files\nodejs/node_mo ...
+ ~~~~~~~~~~~~~~~~~~~~~~~~~~~~~~~~~~~~~~~~~~~~~~~~~~~~~~~~~~~~~~~~~~~~~
    + CategoryInfo          : NotSpecified: ( ΓÜá Warning: N...not be correct.:String) [], RemoteException
    + FullyQualifiedErrorId : NativeCommandError
 
 We detected multiple lockfiles and selected the directory of C:\Users\Mash\package-lock.json as the root directory.
 To silence this warning, set `turbopack.root` in your Next.js config, or consider removing one of the lockfiles if 
it's not needed.
   See https://nextjs.org/docs/app/api-reference/config/next-config-js/turbopack#root-directory for more information.
 Detected additional lockfiles: 
   * C:\Users\Mash\Desktop\Trivo APP\edyfra\package-lock.json

   Γû▓ Next.js 15.5.15 (Turbopack)
   - Environments: .env.local, .env

   Creating an optimized production build ...
 Γ£ô Finished writing to disk in 538ms
 Γ£ô Compiled successfully in 31.9s
   Skipping linting
   Checking validity of types ...
   Collecting page data ...
   Generating static pages (0/48) ...
   Generating static pages (12/48) 
   Generating static pages (24/48) 
   Generating static pages (36/48) 
 Γ£ô Generating static pages (48/48)
   Finalizing page optimization ...
   Collecting build traces ...

Route (app)                         Size  First Load JS
Γöî ╞Æ /                            88.7 kB         291 kB
Γö£ Γùï /_not-found                      0 B         202 kB
Γö£ Γùï /about                       1.33 kB         203 kB
Γö£ ╞Æ /admin                        4.8 kB         274 kB
Γö£ Γùï /admin/content               3.42 kB         273 kB
Γö£ ╞Æ /admin/notifications         3.62 kB         273 kB
Γö£ Γùï /admin/register              2.64 kB         272 kB
Γö£ ╞Æ /admin/reviews               2.84 kB         272 kB
Γö£ Γùï /admin/sessions              3.31 kB         273 kB
Γö£ Γùï /admin/settings              13.8 kB         322 kB
Γö£ Γùï /admin/tutors                3.46 kB         273 kB
Γö£ Γùï /admin/users                 39.7 kB         317 kB
Γö£ ╞Æ /api/ai/chat                     0 B            0 B
Γö£ Γùï /community                   3.45 kB         268 kB
Γö£ Γùï /contact                     2.54 kB         205 kB
Γö£ ╞Æ /dashboard                   2.56 kB         273 kB
Γö£ ╞Æ /dashboard/achievements      2.02 kB         273 kB
Γö£ ╞Æ /dashboard/challenges        2.28 kB         273 kB
Γö£ ╞Æ /dashboard/feed              9.07 kB         280 kB
Γö£ ╞Æ /dashboard/leaderboard       3.47 kB         274 kB
Γö£ ╞Æ /dashboard/notifications         0 B         271 kB
Γö£ ╞Æ /dashboard/search            2.78 kB         274 kB
Γö£ ╞Æ /dashboard/sessions          8.12 kB         279 kB
Γö£ ╞Æ /dashboard/settings            20 kB         291 kB
Γö£ ╞Æ /dashboard/study             9.99 kB         320 kB
Γö£ ╞Æ /dashboard/tutors            9.96 kB         320 kB
Γö£ Γùï /features                       3 kB         205 kB
Γö£ Γùï /forgot-password              3.2 kB         268 kB
Γö£ Γùï /login                       1.58 kB         204 kB
Γö£ Γùï /news                        7.33 kB         209 kB
Γö£ ╞Æ /news/[slug]                  8.4 kB         211 kB
Γö£ Γùï /onboarding                    379 B         202 kB
Γö£ Γùï /onboarding/choice           2.68 kB         205 kB
Γö£ Γùï /onboarding/student          10.5 kB         252 kB
Γö£ Γùï /onboarding/tutor            4.87 kB         207 kB
Γö£ Γùï /privacy                      2.3 kB         204 kB
Γö£ Γùï /protocol-pending            1.37 kB         203 kB
Γö£ Γùï /roadmap                     3.68 kB         206 kB
Γö£ Γùï /signup                      1.88 kB         204 kB
Γö£ ╞Æ /study-room/[id]             5.19 kB         270 kB
Γö£ Γùï /terms                       2.03 kB         204 kB
Γö£ Γùï /tutor                       7.31 kB         276 kB
Γö£ Γùï /tutor/earnings              3.08 kB         272 kB
Γö£ Γùï /tutor/requests              2.78 kB         272 kB
Γö£ Γùï /tutor/schedule               5.2 kB         274 kB
Γö£ Γùï /tutor/sessions               6.8 kB         276 kB
Γöö Γùï /tutor/settings              3.13 kB         272 kB
+ First Load JS shared by all     224 kB
  Γö£ chunks/10e258185f88c1d9.js   17.2 kB
  Γö£ chunks/5ecb887171253bfb.js   41.2 kB
  Γö£ chunks/6ffd69c00bf37ede.js   13.1 kB
  Γö£ chunks/9ae421507182c345.js   59.2 kB
  Γö£ chunks/c50e3879bb6ff217.js   15.7 kB
  Γö£ chunks/d948d246aeb664d3.js   12.7 kB
  Γö£ chunks/291edfb986247b38.css  21.4 kB
  Γöö other shared chunks (total)  43.9 kB


╞Æ Middleware                     90.9 kB

Γùï  (Static)   prerendered as static content
╞Æ  (Dynamic)  server-rendered on demand

